================== 2 skipped, 3 warnings, 5 errors in 8.36s ===================
