; backend asm: imports de runtime administrados externamente

cobra_holobit:
    ; ERROR: runtime hook no implementado
    ud2
cobra_proyectar:
    ; ERROR: runtime hook no implementado
    ud2
cobra_transformar:
    ; ERROR: runtime hook no implementado
    ud2
cobra_graficar:
    ; ERROR: runtime hook no implementado
    ud2

HOLOBIT hb [1, 2, 3]
CALL longitud 'cobra'
CALL mostrar 'hola'
