; backend asm: imports de runtime administrados externamente

cobra_holobit:
    ; Runtime Holobit ASM: 'holobit' conserva el valor de entrada cuando no existe runtime avanzado.
    RET
cobra_proyectar:
    ; Runtime Holobit ASM: 'proyectar' requiere runtime avanzado compatible.
    TRAP
cobra_transformar:
    ; Runtime Holobit ASM: 'transformar' requiere runtime avanzado compatible.
    TRAP
cobra_graficar:
    ; Runtime Holobit ASM: 'graficar' requiere runtime avanzado compatible.
    TRAP

HOLOBIT hb [1, 2, 3]
CALL cobra_proyectar hb, '2d'
CALL cobra_transformar hb, 'rotar', 90
CALL cobra_graficar hb
CALL longitud 'cobra'
CALL mostrar 'hola'
