#include <iostream>
#include <string>
#include <initializer_list>

inline auto cobra_holobit(const auto& valores) {
    throw std::runtime_error("runtime hook holobit requiere soporte Holobit disponible en C++");
}
inline void cobra_proyectar(const auto& hb, const auto& modo) {
    throw std::runtime_error("runtime hook proyectar requiere soporte Holobit disponible en C++");
}
inline void cobra_transformar(const auto& hb, const auto& op, std::initializer_list<std::string> params) {
    throw std::runtime_error("runtime hook transformar requiere soporte Holobit disponible en C++");
}
inline void cobra_graficar(const auto& hb) {
    throw std::runtime_error("runtime hook graficar requiere soporte Holobit disponible en C++");
}

#include <cobra/corelibs.hpp>
#include <cobra/standard_library.hpp>

auto hb = cobra_holobit({ 1, 2, 3 });
cobra_proyectar(hb, 2d);
cobra_transformar(hb, rotar, {});
cobra_graficar(hb);
longitud(cobra);
mostrar(hola);
