package main

import (
    "cobra/corelibs"
    "cobra/standard_library"
    "fmt"
)

func cobra_holobit(valores []float64) []float64 {
    return valores
}
func cobra_proyectar(hb any, modo any) {
    panic(fmt.Sprintf("Runtime Holobit Go: 'proyectar' requiere runtime avanzado compatible. hb=%v modo=%v", hb, modo))
}
func cobra_transformar(hb any, op any, params ...any) {
    panic(fmt.Sprintf("Runtime Holobit Go: 'transformar' requiere runtime avanzado compatible. hb=%v op=%v params=%v", hb, op, params))
}
func cobra_graficar(hb any) {
    panic(fmt.Sprintf("Runtime Holobit Go: 'graficar' requiere runtime avanzado compatible. hb=%v", hb))
}

func main() {
    hb := cobra_holobit([]float64{1, 2, 3})
    cobra_proyectar(hb, "2d")
    cobra_transformar(hb, "rotar", 90)
    cobra_graficar(hb)
    longitud("cobra")
    mostrar("hola")
}
