import cobra.corelibs.*;
import cobra.standard_library.*;

public class Main {
    private static Object cobra_holobit(Object valores) {
        return valores;
    }
    private static void cobra_proyectar(Object hb, Object modo) {
        throw new UnsupportedOperationException("Runtime Holobit Java: 'proyectar' requiere runtime avanzado compatible.");
    }
    private static void cobra_transformar(Object hb, Object op, Object... params) {
        throw new UnsupportedOperationException("Runtime Holobit Java: 'transformar' requiere runtime avanzado compatible.");
    }
    private static void cobra_graficar(Object hb) {
        throw new UnsupportedOperationException("Runtime Holobit Java: 'graficar' requiere runtime avanzado compatible.");
    }
    public static void main(String[] args) {
        Object hb = cobra_holobit(new double[]{1, 2, 3});
        cobra_proyectar(hb, "2d");
        cobra_transformar(hb, "rotar", 90);
        cobra_graficar(hb);
        longitud("cobra");
        mostrar("hola");
    }
}
