import * as io from './nativos/io.js';
import * as matematicas from './nativos/matematicas.js';
import { Pila, Cola } from './nativos/estructuras.js';
import * as archivo from './nativos/archivo.js';
import * as coleccion from './nativos/coleccion.js';
import * as numero from './nativos/numero.js';
import * as red from './nativos/red.js';
import * as seguridad from './nativos/seguridad.js';
import * as sistema from './nativos/sistema.js';
import * as texto from './nativos/texto.js';
import * as tiempo from './nativos/tiempo.js';
function cobra_holobit(valores) {
    return Array.isArray(valores) ? valores : [valores];
}
function cobra_proyectar(hb, modo) {
    throw new Error("Runtime Holobit JavaScript: 'proyectar' requiere runtime avanzado compatible.");
}
function cobra_transformar(hb, op, ...params) {
    throw new Error("Runtime Holobit JavaScript: 'transformar' requiere runtime avanzado compatible.");
}
function cobra_graficar(hb) {
    throw new Error("Runtime Holobit JavaScript: 'graficar' requiere runtime avanzado compatible.");
}
let hb = cobra_holobit([1, 2, 3]);
cobra_proyectar(hb, '2d');
cobra_transformar(hb, 'rotar', 90);
cobra_graficar(hb);
longitud('cobra');
mostrar('hola');
