from pcobra.core.nativos import *
import pcobra.corelibs as _pcobra_corelibs
import pcobra.standard_library as _pcobra_standard_library
globals().update({name: getattr(_pcobra_corelibs, name) for name in dir(_pcobra_corelibs) if not name.startswith('_')})
globals().update({name: getattr(_pcobra_standard_library, name) for name in dir(_pcobra_standard_library) if not name.startswith('_')})
def _cobra_missing_holobit(feature):
    raise ModuleNotFoundError(
        f"Runtime Holobit Python: '{feature}' requiere 'holobit_sdk', dependencia obligatoria de pcobra en Python >=3.10."
    )

def _cobra_import_holobit_runtime():
    from pcobra.core.holobits import Holobit, proyectar, transformar, graficar
    return Holobit, proyectar, transformar, graficar

def cobra_holobit(valores):
    Holobit, _, _, _ = _cobra_import_holobit_runtime()
    return Holobit(valores)

def cobra_proyectar(hb, modo):
    _, proyectar, _, _ = _cobra_import_holobit_runtime()
    try:
        return proyectar(hb, modo)
    except ModuleNotFoundError as exc:
        if 'holobit_sdk' not in str(exc):
            raise ModuleNotFoundError(
                f"Runtime Holobit Python: 'proyectar' requiere 'holobit_sdk', dependencia obligatoria de pcobra en Python >=3.10."
            ) from exc
        raise

def cobra_transformar(hb, op, *params):
    _, _, transformar, _ = _cobra_import_holobit_runtime()
    try:
        return transformar(hb, op, *params)
    except ModuleNotFoundError as exc:
        if 'holobit_sdk' not in str(exc):
            raise ModuleNotFoundError(
                f"Runtime Holobit Python: 'transformar' requiere 'holobit_sdk', dependencia obligatoria de pcobra en Python >=3.10."
            ) from exc
        raise

def cobra_graficar(hb):
    _, _, _, graficar = _cobra_import_holobit_runtime()
    try:
        return graficar(hb)
    except ModuleNotFoundError as exc:
        if 'holobit_sdk' not in str(exc):
            raise ModuleNotFoundError(
                f"Runtime Holobit Python: 'graficar' requiere 'holobit_sdk', dependencia obligatoria de pcobra en Python >=3.10."
            ) from exc
        raise

hb = cobra_holobit([1, 2, 3])
cobra_proyectar(hb, '2d')
cobra_transformar(hb, 'rotar', 90)
cobra_graficar(hb)
longitud('cobra')
mostrar('hola')
