fn cobra_holobit(_valores: Vec<f64>) -> Vec<f64> {
    panic!("Runtime hook holobit requiere soporte Holobit disponible en Rust")
}
fn cobra_proyectar(hb: &str, modo: &str) {
    panic!("Runtime hook proyectar requiere soporte Holobit disponible en Rust: {} {}", hb, modo);
}
fn cobra_transformar(hb: &str, op: &str, params: &[&str]) {
    panic!("Runtime hook transformar requiere soporte Holobit disponible en Rust: {} {} {:?}", hb, op, params);
}
fn cobra_graficar(hb: &str) {
    panic!("Runtime hook graficar requiere soporte Holobit disponible en Rust: {}", hb);
}

use crate::corelibs::*;
use crate::standard_library::*;

let hb = cobra_holobit(vec![1, 2, 3]);
cobra_proyectar(&format!("{}", hb), &format!("{}", 2d));
cobra_transformar(&format!("{}", hb), &format!("{}", rotar), &[]);
cobra_graficar(&format!("{}", hb));
longitud(cobra);
mostrar(hola);
